// Jest Snapshot v1, https://goo.gl/fbAQLP

exports[`<Example/> should render 1`] = `
<RCTScrollView
  style={
    {
      "backgroundColor": "#fff",
      "flex": 1,
    }
  }
>
  <View>
    <View>
      <Text
        style={
          [
            null,
            null,
          ]
        }
      >
        
  
      </Text>
      <Text
        onLongPress={null}
        onPress={null}
      >
        <Text
          style={
            [
              null,
              {},
            ]
          }
        >
          
    
        </Text>
        <Text
          onLongPress={null}
          onPress={null}
          style={null}
        >
          <Text
            style={
              [
                null,
                {},
              ]
            }
          >
            
      
          </Text>
          <Text
            onLongPress={null}
            onPress={null}
            style={null}
          >
            <Text
              onLongPress={null}
              onPress={null}
              style={null}
            >
              <Text
                style={
                  [
                    null,
                    {
                      "fontStyle": "italic",
                      "fontWeight": "bold",
                    },
                  ]
                }
              >
                &gt; Dwayne’s only companion at night was a Labrador retriever named Sparky.
              </Text>
            </Text>
          </Text>
          <Text
            style={
              [
                null,
                {},
              ]
            }
          >
            
    
          </Text>
          <Text
            onLongPress={null}
            onPress={null}
            style={null}
          >
            <Text
              style={
                [
                  null,
                  {},
                ]
              }
            >
              
    
            </Text>
            <Text
              onLongPress={null}
              onPress={null}
              style={null}
            >
              <Text
                style={
                  [
                    null,
                    {
                      "fontStyle": "italic",
                    },
                  ]
                }
              >
                Sparky could not wag his tail-because of an automobile accident many years ago, so he had no way of telling other dogs how friendly he was.
    He opened the door of the cage, something Bill couldn’t have done in a thousand years. Bill flew over to a windowsill.
    
              </Text>
              <Text
                onLongPress={null}
                onPress={null}
                style={null}
              >
                <Text
                  style={
                    [
                      null,
                      {
                        "fontStyle": "italic",
                        "fontWeight": "bold",
                      },
                    ]
                  }
                >
                  The undippable flag was a beauty, and the anthem and the vacant motto might not have mattered much, if it weren’t for this: a lot of citizens were so ignored and cheated and insulted that they thought they might be in the wrong country, or even on the wrong planet, that some terrible mistake had been made.
    
                </Text>
              </Text>
            </Text>
            


          </Text>
          <Text
            style={
              [
                null,
                {},
              ]
            }
          >
            
    
          </Text>
          <Text
            onLongPress={null}
            onPress={null}
            style={null}
          >
            <Text
              style={
                [
                  null,
                  {},
                ]
              }
            >
              
      [1] 
            </Text>
            <Text
              onLongPress={null}
              onPress={[Function]}
              style={null}
            >
              <Text
                style={
                  [
                    null,
                    {
                      "color": "#007AFF",
                      "fontWeight": "bold",
                    },
                  ]
                }
              >
                https://code.facebook.com/posts/1505962329687926/flow-a-new-...
              </Text>
            </Text>
            <Text
              style={
                [
                  null,
                  {},
                ]
              }
            >
              
    
            </Text>
            


          </Text>
          <Text
            style={
              [
                null,
                {},
              ]
            }
          >
            
    
          </Text>
          <Image
            source={
              {
                "height": 400,
                "uri": "https://i.redd.it/1l01wjsv22my.jpg",
                "width": 400,
              }
            }
            style={
              {
                "backgroundColor": "transparent",
                "height": 400,
                "width": 400,
              }
            }
          />
          <Text
            style={
              [
                null,
                {},
              ]
            }
          >
            

    
          </Text>
          <Text
            onLongPress={null}
            onPress={null}
            style={null}
          >
            <Text
              style={
                [
                  null,
                  {
                    "fontSize": 36,
                    "fontWeight": "bold",
                  },
                ]
              }
            >
              Dwayne’s only companion at night
            </Text>
            

          </Text>
          <Text
            style={
              [
                null,
                {},
              ]
            }
          >
            
    
          </Text>
          <Text
            onLongPress={null}
            onPress={null}
            style={null}
          >
            <Text
              style={
                [
                  null,
                  {
                    "fontSize": 30,
                    "fontWeight": "bold",
                  },
                ]
              }
            >
              Dwayne’s only companion at night
            </Text>
            

          </Text>
          <Text
            style={
              [
                null,
                {},
              ]
            }
          >
            
    
          </Text>
          <Text
            onLongPress={null}
            onPress={null}
            style={null}
          >
            <Text
              style={
                [
                  null,
                  {
                    "fontSize": 24,
                    "fontWeight": "bold",
                  },
                ]
              }
            >
              Dwayne’s only companion at night
            </Text>
            

          </Text>
          <Text
            style={
              [
                null,
                {},
              ]
            }
          >
            
    
          </Text>
          <Text
            onLongPress={null}
            onPress={null}
            style={null}
          >
            <Text
              style={
                [
                  null,
                  {
                    "fontSize": 18,
                    "fontWeight": "bold",
                  },
                ]
              }
            >
              Dwayne’s only companion at night
            </Text>
            

          </Text>
          <Text
            style={
              [
                null,
                {},
              ]
            }
          >
            
    
          </Text>
          <Text
            onLongPress={null}
            onPress={null}
            style={null}
          >
            <Text
              style={
                [
                  null,
                  {
                    "fontSize": 14,
                    "fontWeight": "bold",
                  },
                ]
              }
            >
              Dwayne’s only companion at night
            </Text>
            

          </Text>
          <Text
            style={
              [
                null,
                {},
              ]
            }
          >
            
    
          </Text>
          <Text
            onLongPress={null}
            onPress={null}
            style={null}
          >
            <Text
              style={
                [
                  null,
                  {
                    "fontSize": 12,
                    "fontWeight": "bold",
                  },
                ]
              }
            >
              Dwayne’s only companion at night
            </Text>
          </Text>
          <Text
            style={
              [
                null,
                {},
              ]
            }
          >
            
    ayyy

    
          </Text>
          <View
            style={
              {
                "height": 200,
                "width": 200,
              }
            }
          >
            <Text>
              google.com
            </Text>
          </View>
        </Text>
        <Text
          style={
            [
              null,
              {},
            ]
          }
        >
          

        </Text>
      </Text>
      <Text
        style={
          [
            null,
            null,
          ]
        }
      >
        

      </Text>
    </View>
  </View>
</RCTScrollView>
`;
